
; file list of package "../pscdata3.dat"

22emp1.wav
22emp2.wav
22emp3.wav
22tele1.wav
FI07_01A.JPG
FI07_02A.JPG
FI07_03A.JPG
FI07_04A.JPG
FI07_05A.JPG
FI07_06A.JPG
FI07_07A.JPG
FI07_08A.JPG
FI07_09A.JPG
MON_F6.3DF
MON_F8.3DF
_butts2.con
_cockpit.con
_eff1.con
_eff2.con
_eff3.con
_eff4.con
_eff5.con
_exgen.con
_expl.con
_f1_2.con
_f2_2.con
_f3_2.con
_f4_2.con
_f5_2.con
_f6_2.con
_f7_2.con
_f8_2.con
_font.con
_gate.con
_icons.con
_laser.con
_lightn.con
_logani2.con
_missls.con
_panback.con
_plight.con
_posdef.con
_posit.con
_powups.con
_props.con
_scv.con
_smoke.con
_sound.con
_strgate.con
_swave.con
_telep.con
_vapor.con
a_after.3df
a_emp1.3df
a_emp2.3df
a_emp3.3df
a_helix.3df
a_holo.3df
a_invis.3df
a_invul.3df
a_lc1.3df
a_lc2.3df
a_lc3.3df
a_light.3df
a_mine.3df
a_missl1.3df
a_missl2.3df
a_missl3.3df
a_photon.3df
arrow.tga
boot.con
em01_00a.od2
em01_01a.3df
fi06_01a.jpg
fi06_02a.jpg
fi06_03a.jpg
fi06_04a.jpg
fi06_05a.jpg
fi06_06a.jpg
fi06_07a.jpg
fi06_08a.jpg
fi06_09a.jpg
fi06_10a.jpg
fi06_11a.jpg
fi06_12a.jpg
fi06_13a.jpg
fi06_14a.jpg
fi06_15a.jpg
fi06_16a.jpg
fi06_17a.jpg
fi06_18a.tga
fi06_20a.jpg
fi07_00a.od2
fi08_00a.od2
fi08_01a.jpg
fi08_02a.jpg
fi08_03a.jpg
fi08_04a.jpg
font1.tga
gamefx10.mp3
gamefx11.mp3
intlev2.con
intlev3.con
intlev4.con
loading.3df
mon_f7.3df
n_after.3df
n_emp.3df
n_helix.3df
n_holo.3df
n_invis.3df
n_invul.3df
n_lc1.3df
n_lc2.3df
n_lc3.3df
n_light.3df
n_mine.3df
n_missl1.3df
n_missl2.3df
n_missl3.3df
n_photon.3df
precache.3df
ref.con
sys_dat.con
sys_gl.con
sys_gr.con
telep4.od2
tp_01a.jpg
tp_02a.jpg
tp_03a.jpg
tp_int.jpg
tp_int1.jpg
tp_tun.jpg
track10.mp3
track9.mp3

